[+] Containers:
 |- [+] Container: /Game/Levels/Lobby
 |   |- [+] ActorDescs:
 |   |   |- Guid:0DDEE597457D7BCF60C37AAE79C7AC77 BaseClass: NativeClass:/Script/Landscape.LandscapeStreamingProxy Name:LandscapeStreamingProxy_6GSFNF2T877FE1RYYOFDHFNHG_30_3_0_0 Label:LandscapeStreamingProxy_3_0_0 SpatiallyLoaded:1 Bounds:IsValid=true, Min=(X=-9930.000 Y=-7500.000 Z=-100.000), Max=(X=-6930.000 Y=-4500.000 Z=10100.000) RuntimeGrid:None EditorOnly:0 RuntimeOnly:0 HLODRelevant:1 ListedInSceneOutliner:1 IsMainWorldOnly:0
 |   |   |- Guid:10C0C2854774CED52BF223A00824E01E BaseClass: NativeClass:/Script/Landscape.LandscapeStreamingProxy Name:LandscapeStreamingProxy_6GSFNF2T877FE1RYYOFDHFNHG_30_3_3_0 Label:LandscapeStreamingProxy_3_3_0 SpatiallyLoaded:1 Bounds:IsValid=true, Min=(X=-9930.000 Y=1500.000 Z=-100.000), Max=(X=-6930.000 Y=4500.000 Z=10100.000) RuntimeGrid:None EditorOnly:0 RuntimeOnly:0 HLODRelevant:1 ListedInSceneOutliner:1 IsMainWorldOnly:0
 |   |   |- Guid:13F40C7241F9A80D3E971DBC21FCAFB0 BaseClass: NativeClass:/Script/Engine.SkyAtmosphere Name:SkyAtmosphere_0 Label:SkyAtmosphere SpatiallyLoaded:0 Bounds:IsValid=true, Min=(X=0.000 Y=0.000 Z=1020.000), Max=(X=0.000 Y=0.000 Z=1020.000) RuntimeGrid:None EditorOnly:0 RuntimeOnly:0 HLODRelevant:0 ListedInSceneOutliner:1 IsMainWorldOnly:0 FolderPath:Lighting FolderGuid:D9E1224C415FCB205E4105B3245ADAAB
 |   |   |- Guid:1412289945769B5364D0ECB4B7EEA70A BaseClass:/Game/BluePrints/Lobby/Doors/Cell_Door.Cell_Door_C NativeClass:/Script/Engine.Actor Name:Cell_Door_C_UAID_A4BB6D3D5999BB7702_1368537074 Label:Cell_Door SpatiallyLoaded:1 Bounds:IsValid=true, Min=(X=-25.000 Y=985.779 Z=10.000), Max=(X=125.000 Y=1127.931 Z=210.000) RuntimeGrid:None EditorOnly:0 RuntimeOnly:0 HLODRelevant:0 ListedInSceneOutliner:1 IsMainWorldOnly:0
 |   |   |- Guid:1589CA55453864F20B7B878DDDF82D05 BaseClass: NativeClass:/Script/Landscape.LandscapeStreamingProxy Name:LandscapeStreamingProxy_6GSFNF2T877FE1RYYOFDHFNHG_30_0_2_0 Label:LandscapeStreamingProxy_0_2_0 SpatiallyLoaded:1 Bounds:IsValid=true, Min=(X=-18930.000 Y=-1500.000 Z=-100.000), Max=(X=-15930.000 Y=1500.000 Z=10100.000) RuntimeGrid:None EditorOnly:0 RuntimeOnly:0 HLODRelevant:1 ListedInSceneOutliner:1 IsMainWorldOnly:0
 |   |   |- Guid:22C4F1724348A3818BBA0A939CA01B63 BaseClass: NativeClass:/Script/Engine.WorldDataLayers Name:WorldDataLayers Label:WorldDataLayers-1 SpatiallyLoaded:0 Bounds:Invalid RuntimeGrid:None EditorOnly:0 RuntimeOnly:0 HLODRelevant:0 ListedInSceneOutliner:1 IsMainWorldOnly:1
 |   |   |- Guid:2A8118B04F298AF353BB888EC1475C69 BaseClass: NativeClass:/Script/Landscape.LandscapeStreamingProxy Name:LandscapeStreamingProxy_6GSFNF2T877FE1RYYOFDHFNHG_30_3_4_0 Label:LandscapeStreamingProxy_3_4_0 SpatiallyLoaded:1 Bounds:IsValid=true, Min=(X=-9930.000 Y=4500.000 Z=-100.000), Max=(X=-6930.000 Y=7500.000 Z=10100.000) RuntimeGrid:None EditorOnly:0 RuntimeOnly:0 HLODRelevant:1 ListedInSceneOutliner:1 IsMainWorldOnly:0
 |   |   |- Guid:42FA79864B88BFE13ADC709D30DEC52E BaseClass: NativeClass:/Script/Landscape.LandscapeStreamingProxy Name:LandscapeStreamingProxy_6GSFNF2T877FE1RYYOFDHFNHG_30_1_0_0 Label:LandscapeStreamingProxy_1_0_0 SpatiallyLoaded:1 Bounds:IsValid=true, Min=(X=-15930.000 Y=-7500.000 Z=-100.000), Max=(X=-12930.000 Y=-4500.000 Z=10100.000) RuntimeGrid:None EditorOnly:0 RuntimeOnly:0 HLODRelevant:1 ListedInSceneOutliner:1 IsMainWorldOnly:0
 |   |   |- Guid:43AB252E444DEF871B5377ADFF1960F8 BaseClass: NativeClass:/Script/Landscape.LandscapeStreamingProxy Name:LandscapeStreamingProxy_6GSFNF2T877FE1RYYOFDHFNHG_30_4_2_0 Label:LandscapeStreamingProxy_4_2_0 SpatiallyLoaded:1 Bounds:IsValid=true, Min=(X=-6930.000 Y=-1500.000 Z=-100.000), Max=(X=-3930.000 Y=1500.000 Z=10100.000) RuntimeGrid:None EditorOnly:0 RuntimeOnly:0 HLODRelevant:1 ListedInSceneOutliner:1 IsMainWorldOnly:0
 |   |   |- Guid:4999C99042A6A73FFE435D86CBF82443 BaseClass: NativeClass:/Script/Landscape.LandscapeStreamingProxy Name:LandscapeStreamingProxy_6GSFNF2T877FE1RYYOFDHFNHG_30_1_2_0 Label:LandscapeStreamingProxy_1_2_0 SpatiallyLoaded:1 Bounds:IsValid=true, Min=(X=-15930.000 Y=-1500.000 Z=-100.000), Max=(X=-12930.000 Y=1500.000 Z=10100.000) RuntimeGrid:None EditorOnly:0 RuntimeOnly:0 HLODRelevant:1 ListedInSceneOutliner:1 IsMainWorldOnly:0
 |   |   |- Guid:52639C174640C876BA2BDC8922885AD8 BaseClass: NativeClass:/Script/Landscape.LandscapeStreamingProxy Name:LandscapeStreamingProxy_6GSFNF2T877FE1RYYOFDHFNHG_30_4_0_0 Label:LandscapeStreamingProxy_4_0_0 SpatiallyLoaded:1 Bounds:IsValid=true, Min=(X=-6930.000 Y=-7500.000 Z=-100.000), Max=(X=-3930.000 Y=-4500.000 Z=10100.000) RuntimeGrid:None EditorOnly:0 RuntimeOnly:0 HLODRelevant:1 ListedInSceneOutliner:1 IsMainWorldOnly:0
 |   |   |- Guid:5BEE60E144CE15B876DABF87B250C7F8 BaseClass: NativeClass:/Script/Landscape.LandscapeStreamingProxy Name:LandscapeStreamingProxy_6GSFNF2T877FE1RYYOFDHFNHG_30_2_4_0 Label:LandscapeStreamingProxy_2_4_0 SpatiallyLoaded:1 Bounds:IsValid=true, Min=(X=-12930.000 Y=4500.000 Z=-100.000), Max=(X=-9930.000 Y=7500.000 Z=10100.000) RuntimeGrid:None EditorOnly:0 RuntimeOnly:0 HLODRelevant:1 ListedInSceneOutliner:1 IsMainWorldOnly:0
 |   |   |- Guid:5C04E2FD4CAD364DD6A3DE9CF1B4C996 BaseClass: NativeClass:/Script/Landscape.LandscapeStreamingProxy Name:LandscapeStreamingProxy_6GSFNF2T877FE1RYYOFDHFNHG_30_2_3_0 Label:LandscapeStreamingProxy_2_3_0 SpatiallyLoaded:1 Bounds:IsValid=true, Min=(X=-12930.000 Y=1500.000 Z=-100.000), Max=(X=-9930.000 Y=4500.000 Z=10100.000) RuntimeGrid:None EditorOnly:0 RuntimeOnly:0 HLODRelevant:1 ListedInSceneOutliner:1 IsMainWorldOnly:0
 |   |   |- Guid:5E40B50D4A74DBD1E8AD92A52DC0491B BaseClass: NativeClass:/Script/Containment_Response.Weapon Name:Weapon_UAID_A4BB6D3DB72EB66C02_1505278575 Label:DisplayGun SpatiallyLoaded:1 Bounds:IsValid=true, Min=(X=4346.250 Y=-1087.500 Z=-130.000), Max=(X=4353.750 Y=-50.000 Z=279.000) RuntimeGrid:None EditorOnly:0 RuntimeOnly:0 HLODRelevant:0 ListedInSceneOutliner:1 IsMainWorldOnly:0
 |   |   |- Guid:5EB35A034C1D9318007FA6AD61C1A440 BaseClass: NativeClass:/Script/Engine.StaticMeshActor Name:StaticMeshActor_UAID_A4BB6D3D5999B97702_1808673721 Label:Box2 SpatiallyLoaded:1 Bounds:IsValid=true, Min=(X=-2720.000 Y=90.000 Z=-0.000), Max=(X=3550.000 Y=2730.000 Z=290.000) RuntimeGrid:None EditorOnly:0 RuntimeOnly:0 HLODRelevant:1 ListedInSceneOutliner:1 IsMainWorldOnly:0
 |   |   |- Guid:616554B84D9AF28DF69ABD8837FD26D7 BaseClass: NativeClass:/Script/Engine.ExponentialHeightFog Name:ExponentialHeightFog_0 Label:ExponentialHeightFog SpatiallyLoaded:0 Bounds:IsValid=true, Min=(X=-5600.000 Y=-50.000 Z=-6850.000), Max=(X=-5600.000 Y=-50.000 Z=-6850.000) RuntimeGrid:None EditorOnly:0 RuntimeOnly:0 HLODRelevant:0 ListedInSceneOutliner:1 IsMainWorldOnly:0 FolderPath:Lighting FolderGuid:D9E1224C415FCB205E4105B3245ADAAB
 |   |   |- Guid:6456ADDD428A590141FABFB9484712AA BaseClass: NativeClass:/Script/Engine.PostProcessVolume Name:PostProcessVolume_0 Label:PostProcessVolume SpatiallyLoaded:0 Bounds:IsValid=true, Min=(X=0.000 Y=0.000 Z=400.000), Max=(X=200.000 Y=200.000 Z=600.000) RuntimeGrid:None EditorOnly:0 RuntimeOnly:0 HLODRelevant:0 ListedInSceneOutliner:1 IsMainWorldOnly:0 FolderPath:Lighting FolderGuid:D9E1224C415FCB205E4105B3245ADAAB
 |   |   |- Guid:6818551448B1748FAECBDF8425C813EE BaseClass: NativeClass:/Script/Landscape.LandscapeStreamingProxy Name:LandscapeStreamingProxy_6GSFNF2T877FE1RYYOFDHFNHG_30_0_0_0 Label:LandscapeStreamingProxy_0_0_0 SpatiallyLoaded:1 Bounds:IsValid=true, Min=(X=-18930.000 Y=-7500.000 Z=-100.000), Max=(X=-15930.000 Y=-4500.000 Z=10100.000) RuntimeGrid:None EditorOnly:0 RuntimeOnly:0 HLODRelevant:1 ListedInSceneOutliner:1 IsMainWorldOnly:0
 |   |   |- Guid:76115FFE4E569D78EAF4F99D45351719 BaseClass: NativeClass:/Script/Landscape.LandscapeStreamingProxy Name:LandscapeStreamingProxy_6GSFNF2T877FE1RYYOFDHFNHG_30_1_4_0 Label:LandscapeStreamingProxy_1_4_0 SpatiallyLoaded:1 Bounds:IsValid=true, Min=(X=-15930.000 Y=4500.000 Z=-100.000), Max=(X=-12930.000 Y=7500.000 Z=10100.000) RuntimeGrid:None EditorOnly:0 RuntimeOnly:0 HLODRelevant:1 ListedInSceneOutliner:1 IsMainWorldOnly:0
 |   |   |- Guid:7A699BF944F9DAC273FB4FAD2236D7F8 BaseClass: NativeClass:/Script/Engine.SkyLight Name:SkyLight_0 Label:SkyLight SpatiallyLoaded:0 Bounds:IsValid=true, Min=(X=0.000 Y=0.000 Z=690.000), Max=(X=0.000 Y=0.000 Z=690.000) RuntimeGrid:None EditorOnly:0 RuntimeOnly:0 HLODRelevant:0 ListedInSceneOutliner:1 IsMainWorldOnly:0 FolderPath:Lighting FolderGuid:D9E1224C415FCB205E4105B3245ADAAB
 |   |   |- Guid:85A716D141BB377543A1D5B0B8DE488F BaseClass: NativeClass:/Script/Landscape.Landscape Name:Landscape_UAID_A4BB6D3D5999B97702_1162987720 Label:Landscape SpatiallyLoaded:0 Bounds:IsValid=true, Min=(X=-18930.000 Y=-7500.000 Z=0.000), Max=(X=-18930.000 Y=-7500.000 Z=0.000) RuntimeGrid:None EditorOnly:0 RuntimeOnly:0 HLODRelevant:0 ListedInSceneOutliner:1 IsMainWorldOnly:0
 |   |   |- Guid:8920143A46C43AE151FBE08EF7B3D533 BaseClass: NativeClass:/Script/Landscape.LandscapeStreamingProxy Name:LandscapeStreamingProxy_6GSFNF2T877FE1RYYOFDHFNHG_30_0_4_0 Label:LandscapeStreamingProxy_0_4_0 SpatiallyLoaded:1 Bounds:IsValid=true, Min=(X=-18930.000 Y=4500.000 Z=-100.000), Max=(X=-15930.000 Y=7500.000 Z=10100.000) RuntimeGrid:None EditorOnly:0 RuntimeOnly:0 HLODRelevant:1 ListedInSceneOutliner:1 IsMainWorldOnly:0
 |   |   |- Guid:8C8CFAC14AE3EFFF14404DAF4C7F1D90 BaseClass: NativeClass:/Script/Landscape.LandscapeStreamingProxy Name:LandscapeStreamingProxy_6GSFNF2T877FE1RYYOFDHFNHG_30_1_3_0 Label:LandscapeStreamingProxy_1_3_0 SpatiallyLoaded:1 Bounds:IsValid=true, Min=(X=-15930.000 Y=1500.000 Z=-100.000), Max=(X=-12930.000 Y=4500.000 Z=10100.000) RuntimeGrid:None EditorOnly:0 RuntimeOnly:0 HLODRelevant:1 ListedInSceneOutliner:1 IsMainWorldOnly:0
 |   |   |- Guid:8E76F23746014B6C892DB9BFB17CE6F8 BaseClass: NativeClass:/Script/Engine.PointLight Name:PointLight_UAID_A4BB6D3DB72EAD6C02_1254291996 Label:PointLight SpatiallyLoaded:1 Bounds:IsValid=true, Min=(X=3420.000 Y=-2020.000 Z=-710.000), Max=(X=5420.000 Y=-20.000 Z=1290.000) RuntimeGrid:None EditorOnly:0 RuntimeOnly:0 HLODRelevant:0 ListedInSceneOutliner:1 IsMainWorldOnly:0
 |   |   |- Guid:90A358A24B6C57CBEA8FF8BA1E4E8809 BaseClass: NativeClass:/Script/Landscape.LandscapeStreamingProxy Name:LandscapeStreamingProxy_6GSFNF2T877FE1RYYOFDHFNHG_30_2_1_0 Label:LandscapeStreamingProxy_2_1_0 SpatiallyLoaded:1 Bounds:IsValid=true, Min=(X=-12930.000 Y=-4500.000 Z=-100.000), Max=(X=-9930.000 Y=-1500.000 Z=10100.000) RuntimeGrid:None EditorOnly:0 RuntimeOnly:0 HLODRelevant:1 ListedInSceneOutliner:1 IsMainWorldOnly:0
 |   |   |- Guid:97FF78FB4EC8F13EF6751DB180B1CE46 BaseClass: NativeClass:/Script/Engine.DirectionalLight Name:DirectionalLight_0 Label:DirectionalLight SpatiallyLoaded:0 Bounds:IsValid=true, Min=(X=-4398046511104.000 Y=-4398046511104.000 Z=-4398046511104.000), Max=(X=4398046511104.000 Y=4398046511104.000 Z=4398046511104.000) RuntimeGrid:None EditorOnly:0 RuntimeOnly:0 HLODRelevant:0 ListedInSceneOutliner:1 IsMainWorldOnly:0 FolderPath:Lighting FolderGuid:D9E1224C415FCB205E4105B3245ADAAB
 |   |   |- Guid:9B1787B94245F7EE22F38B82D5E0CE96 BaseClass: NativeClass:/Script/Engine.StaticMeshActor Name:StaticMeshActor_UAID_A4BB6D3DB72EAC6C02_1998119816 Label:Box SpatiallyLoaded:1 Bounds:IsValid=true, Min=(X=4033.333 Y=-1418.408 Z=-100.000), Max=(X=4660.000 Y=-601.592 Z=572.960) RuntimeGrid:None EditorOnly:0 RuntimeOnly:0 HLODRelevant:1 ListedInSceneOutliner:1 IsMainWorldOnly:0
 |   |   |- Guid:A193674B480A39A47551D39FB4DFCD99 BaseClass: NativeClass:/Script/Engine.StaticMeshActor Name:StaticMeshActor_UAID_A4AE111137DC5FFB00_1159438599 Label:SM_SkySphere SpatiallyLoaded:0 Bounds:IsValid=true, Min=(X=-1638400.000 Y=-1638400.000 Z=-1638400.000), Max=(X=1638400.000 Y=1638400.000 Z=1638400.000) RuntimeGrid:None EditorOnly:0 RuntimeOnly:0 HLODRelevant:1 ListedInSceneOutliner:1 IsMainWorldOnly:0 FolderPath:Lighting FolderGuid:D9E1224C415FCB205E4105B3245ADAAB
 |   |   |- Guid:A5FCDC664219DC8AAD6D739ADEF9C627 BaseClass: NativeClass:/Script/Engine.PlayerStart Name:PlayerStart_0 Label:PlayerStart SpatiallyLoaded:0 Bounds:IsValid=true, Min=(X=3230.000 Y=1290.000 Z=100.013), Max=(X=3310.000 Y=1370.000 Z=284.013) RuntimeGrid:None EditorOnly:0 RuntimeOnly:0 HLODRelevant:0 ListedInSceneOutliner:1 IsMainWorldOnly:0
 |   |   |- Guid:B326783D46A6A43F55CCC9AB2A4C1863 BaseClass: NativeClass:/Script/Engine.VolumetricCloud Name:VolumetricCloud_0 Label:VolumetricCloud SpatiallyLoaded:0 Bounds:IsValid=true, Min=(X=0.000 Y=0.000 Z=820.000), Max=(X=0.000 Y=0.000 Z=820.000) RuntimeGrid:None EditorOnly:0 RuntimeOnly:0 HLODRelevant:0 ListedInSceneOutliner:1 IsMainWorldOnly:0 FolderPath:Lighting FolderGuid:D9E1224C415FCB205E4105B3245ADAAB
 |   |   |- Guid:BC40CC9B4274586648F7179742058D20 BaseClass: NativeClass:/Script/Landscape.LandscapeStreamingProxy Name:LandscapeStreamingProxy_6GSFNF2T877FE1RYYOFDHFNHG_30_0_1_0 Label:LandscapeStreamingProxy_0_1_0 SpatiallyLoaded:1 Bounds:IsValid=true, Min=(X=-18930.000 Y=-4500.000 Z=-100.000), Max=(X=-15930.000 Y=-1500.000 Z=10100.000) RuntimeGrid:None EditorOnly:0 RuntimeOnly:0 HLODRelevant:1 ListedInSceneOutliner:1 IsMainWorldOnly:0
 |   |   |- Guid:C3E101FD4BF9E9C8F18B17A731F414D4 BaseClass: NativeClass:/Script/Landscape.LandscapeStreamingProxy Name:LandscapeStreamingProxy_6GSFNF2T877FE1RYYOFDHFNHG_30_4_4_0 Label:LandscapeStreamingProxy_4_4_0 SpatiallyLoaded:1 Bounds:IsValid=true, Min=(X=-6930.000 Y=4500.000 Z=-100.000), Max=(X=-3930.000 Y=7500.000 Z=10100.000) RuntimeGrid:None EditorOnly:0 RuntimeOnly:0 HLODRelevant:1 ListedInSceneOutliner:1 IsMainWorldOnly:0
 |   |   |- Guid:CF0B7F47461B7EF9D0FF869729260AB8 BaseClass: NativeClass:/Script/Landscape.LandscapeStreamingProxy Name:LandscapeStreamingProxy_6GSFNF2T877FE1RYYOFDHFNHG_30_3_2_0 Label:LandscapeStreamingProxy_3_2_0 SpatiallyLoaded:1 Bounds:IsValid=true, Min=(X=-9930.000 Y=-1500.000 Z=-100.000), Max=(X=-6930.000 Y=1500.000 Z=10100.000) RuntimeGrid:None EditorOnly:0 RuntimeOnly:0 HLODRelevant:1 ListedInSceneOutliner:1 IsMainWorldOnly:0
 |   |   |- Guid:D361D561422864AE5CAFC196EBCDC0C9 BaseClass: NativeClass:/Script/Landscape.LandscapeStreamingProxy Name:LandscapeStreamingProxy_6GSFNF2T877FE1RYYOFDHFNHG_30_2_2_0 Label:LandscapeStreamingProxy_2_2_0 SpatiallyLoaded:1 Bounds:IsValid=true, Min=(X=-12930.000 Y=-1500.000 Z=-100.000), Max=(X=-9930.000 Y=1500.000 Z=10100.000) RuntimeGrid:None EditorOnly:0 RuntimeOnly:0 HLODRelevant:1 ListedInSceneOutliner:1 IsMainWorldOnly:0
 |   |   |- Guid:D7C08A394E057F3A0D9046B98E8AC852 BaseClass: NativeClass:/Script/Landscape.LandscapeStreamingProxy Name:LandscapeStreamingProxy_6GSFNF2T877FE1RYYOFDHFNHG_30_3_1_0 Label:LandscapeStreamingProxy_3_1_0 SpatiallyLoaded:1 Bounds:IsValid=true, Min=(X=-9930.000 Y=-4500.000 Z=-100.000), Max=(X=-6930.000 Y=-1500.000 Z=10100.000) RuntimeGrid:None EditorOnly:0 RuntimeOnly:0 HLODRelevant:1 ListedInSceneOutliner:1 IsMainWorldOnly:0
 |   |   |- Guid:DA4013F54035A18E1315CB946820EDF3 BaseClass: NativeClass:/Script/Landscape.LandscapeStreamingProxy Name:LandscapeStreamingProxy_6GSFNF2T877FE1RYYOFDHFNHG_30_4_1_0 Label:LandscapeStreamingProxy_4_1_0 SpatiallyLoaded:1 Bounds:IsValid=true, Min=(X=-6930.000 Y=-4500.000 Z=-100.000), Max=(X=-3930.000 Y=-1500.000 Z=10100.000) RuntimeGrid:None EditorOnly:0 RuntimeOnly:0 HLODRelevant:1 ListedInSceneOutliner:1 IsMainWorldOnly:0
 |   |   |- Guid:DBC9A3924C20BF2D3D7B5AB2B305375D BaseClass: NativeClass:/Script/Landscape.LandscapeStreamingProxy Name:LandscapeStreamingProxy_6GSFNF2T877FE1RYYOFDHFNHG_30_4_3_0 Label:LandscapeStreamingProxy_4_3_0 SpatiallyLoaded:1 Bounds:IsValid=true, Min=(X=-6930.000 Y=1500.000 Z=-100.000), Max=(X=-3930.000 Y=4500.000 Z=10100.000) RuntimeGrid:None EditorOnly:0 RuntimeOnly:0 HLODRelevant:1 ListedInSceneOutliner:1 IsMainWorldOnly:0
 |   |   |- Guid:E10B381446D3F76E1300D1B9B42DD058 BaseClass: NativeClass:/Script/Landscape.LandscapeStreamingProxy Name:LandscapeStreamingProxy_6GSFNF2T877FE1RYYOFDHFNHG_30_1_1_0 Label:LandscapeStreamingProxy_1_1_0 SpatiallyLoaded:1 Bounds:IsValid=true, Min=(X=-15930.000 Y=-4500.000 Z=-100.000), Max=(X=-12930.000 Y=-1500.000 Z=10100.000) RuntimeGrid:None EditorOnly:0 RuntimeOnly:0 HLODRelevant:1 ListedInSceneOutliner:1 IsMainWorldOnly:0
 |   |   |- Guid:EBA49B08429FEB4CEBE135B951F01E0A BaseClass: NativeClass:/Script/NavigationSystem.RecastNavMesh Name:RecastNavMesh_UAID_004E01C3B4DBEE6702-Default Label:RecastNavMesh-Default SpatiallyLoaded:0 Bounds:IsValid=true, Min=(X=0.000 Y=0.000 Z=0.000), Max=(X=0.000 Y=0.000 Z=0.000) RuntimeGrid:None EditorOnly:0 RuntimeOnly:0 HLODRelevant:0 ListedInSceneOutliner:1 IsMainWorldOnly:0
 |   |   |- Guid:F215C15D46F7F39D8ED7D38566ACFB5C BaseClass: NativeClass:/Script/Landscape.LandscapeStreamingProxy Name:LandscapeStreamingProxy_6GSFNF2T877FE1RYYOFDHFNHG_30_2_0_0 Label:LandscapeStreamingProxy_2_0_0 SpatiallyLoaded:1 Bounds:IsValid=true, Min=(X=-12930.000 Y=-7500.000 Z=-100.000), Max=(X=-9930.000 Y=-4500.000 Z=10100.000) RuntimeGrid:None EditorOnly:0 RuntimeOnly:0 HLODRelevant:1 ListedInSceneOutliner:1 IsMainWorldOnly:0
 |   |   |- Guid:F4106B9E4B99A92CC5C5BC918CE98A48 BaseClass: NativeClass:/Script/Landscape.LandscapeStreamingProxy Name:LandscapeStreamingProxy_6GSFNF2T877FE1RYYOFDHFNHG_30_0_3_0 Label:LandscapeStreamingProxy_0_3_0 SpatiallyLoaded:1 Bounds:IsValid=true, Min=(X=-18930.000 Y=1500.000 Z=-100.000), Max=(X=-15930.000 Y=4500.000 Z=10100.000) RuntimeGrid:None EditorOnly:0 RuntimeOnly:0 HLODRelevant:1 ListedInSceneOutliner:1 IsMainWorldOnly:0
 |   |   |- Guid:FA1FCD51450B8093FDAAB0ABB4EFF0B0 BaseClass:/Game/BluePrintClasses/AttachmentView/BP_AttachmentViewCamera.BP_AttachmentViewCamera_C NativeClass:/Script/Engine.Actor Name:BP_AttachmentViewCamera_C_UAID_A4BB6D3DB72EAD6C02_1124756994 Label:BP_AttachmentViewCamera SpatiallyLoaded:1 Bounds:IsValid=true, Min=(X=4180.000 Y=-1030.000 Z=280.000), Max=(X=4180.000 Y=-1030.000 Z=280.000) RuntimeGrid:None EditorOnly:0 RuntimeOnly:0 HLODRelevant:0 ListedInSceneOutliner:1 IsMainWorldOnly:0
 |   |- [+] Clusters:
 |   |   |- [+] [  0]
 |   |   |   |- Guid:0DDEE597457D7BCF60C37AAE79C7AC77 BaseClass: NativeClass:/Script/Landscape.LandscapeStreamingProxy Name:LandscapeStreamingProxy_6GSFNF2T877FE1RYYOFDHFNHG_30_3_0_0 Label:LandscapeStreamingProxy_3_0_0 SpatiallyLoaded:1 Bounds:IsValid=true, Min=(X=-9930.000 Y=-7500.000 Z=-100.000), Max=(X=-6930.000 Y=-4500.000 Z=10100.000) RuntimeGrid:None EditorOnly:0 RuntimeOnly:0 HLODRelevant:1 ListedInSceneOutliner:1 IsMainWorldOnly:0
 |   |   |- [+] [  1]
 |   |   |   |- Guid:10C0C2854774CED52BF223A00824E01E BaseClass: NativeClass:/Script/Landscape.LandscapeStreamingProxy Name:LandscapeStreamingProxy_6GSFNF2T877FE1RYYOFDHFNHG_30_3_3_0 Label:LandscapeStreamingProxy_3_3_0 SpatiallyLoaded:1 Bounds:IsValid=true, Min=(X=-9930.000 Y=1500.000 Z=-100.000), Max=(X=-6930.000 Y=4500.000 Z=10100.000) RuntimeGrid:None EditorOnly:0 RuntimeOnly:0 HLODRelevant:1 ListedInSceneOutliner:1 IsMainWorldOnly:0
 |   |   |- [+] [  2]
 |   |   |   |- Guid:13F40C7241F9A80D3E971DBC21FCAFB0 BaseClass: NativeClass:/Script/Engine.SkyAtmosphere Name:SkyAtmosphere_0 Label:SkyAtmosphere SpatiallyLoaded:0 Bounds:IsValid=true, Min=(X=0.000 Y=0.000 Z=1020.000), Max=(X=0.000 Y=0.000 Z=1020.000) RuntimeGrid:None EditorOnly:0 RuntimeOnly:0 HLODRelevant:0 ListedInSceneOutliner:1 IsMainWorldOnly:0 FolderPath:Lighting FolderGuid:D9E1224C415FCB205E4105B3245ADAAB
 |   |   |- [+] [  3]
 |   |   |   |- Guid:1412289945769B5364D0ECB4B7EEA70A BaseClass:/Game/BluePrints/Lobby/Doors/Cell_Door.Cell_Door_C NativeClass:/Script/Engine.Actor Name:Cell_Door_C_UAID_A4BB6D3D5999BB7702_1368537074 Label:Cell_Door SpatiallyLoaded:1 Bounds:IsValid=true, Min=(X=-25.000 Y=985.779 Z=10.000), Max=(X=125.000 Y=1127.931 Z=210.000) RuntimeGrid:None EditorOnly:0 RuntimeOnly:0 HLODRelevant:0 ListedInSceneOutliner:1 IsMainWorldOnly:0
 |   |   |- [+] [  4]
 |   |   |   |- Guid:1589CA55453864F20B7B878DDDF82D05 BaseClass: NativeClass:/Script/Landscape.LandscapeStreamingProxy Name:LandscapeStreamingProxy_6GSFNF2T877FE1RYYOFDHFNHG_30_0_2_0 Label:LandscapeStreamingProxy_0_2_0 SpatiallyLoaded:1 Bounds:IsValid=true, Min=(X=-18930.000 Y=-1500.000 Z=-100.000), Max=(X=-15930.000 Y=1500.000 Z=10100.000) RuntimeGrid:None EditorOnly:0 RuntimeOnly:0 HLODRelevant:1 ListedInSceneOutliner:1 IsMainWorldOnly:0
 |   |   |- [+] [  5]
 |   |   |   |- Guid:22C4F1724348A3818BBA0A939CA01B63 BaseClass: NativeClass:/Script/Engine.WorldDataLayers Name:WorldDataLayers Label:WorldDataLayers-1 SpatiallyLoaded:0 Bounds:Invalid RuntimeGrid:None EditorOnly:0 RuntimeOnly:0 HLODRelevant:0 ListedInSceneOutliner:1 IsMainWorldOnly:1
 |   |   |- [+] [  6]
 |   |   |   |- Guid:2A8118B04F298AF353BB888EC1475C69 BaseClass: NativeClass:/Script/Landscape.LandscapeStreamingProxy Name:LandscapeStreamingProxy_6GSFNF2T877FE1RYYOFDHFNHG_30_3_4_0 Label:LandscapeStreamingProxy_3_4_0 SpatiallyLoaded:1 Bounds:IsValid=true, Min=(X=-9930.000 Y=4500.000 Z=-100.000), Max=(X=-6930.000 Y=7500.000 Z=10100.000) RuntimeGrid:None EditorOnly:0 RuntimeOnly:0 HLODRelevant:1 ListedInSceneOutliner:1 IsMainWorldOnly:0
 |   |   |- [+] [  7]
 |   |   |   |- Guid:42FA79864B88BFE13ADC709D30DEC52E BaseClass: NativeClass:/Script/Landscape.LandscapeStreamingProxy Name:LandscapeStreamingProxy_6GSFNF2T877FE1RYYOFDHFNHG_30_1_0_0 Label:LandscapeStreamingProxy_1_0_0 SpatiallyLoaded:1 Bounds:IsValid=true, Min=(X=-15930.000 Y=-7500.000 Z=-100.000), Max=(X=-12930.000 Y=-4500.000 Z=10100.000) RuntimeGrid:None EditorOnly:0 RuntimeOnly:0 HLODRelevant:1 ListedInSceneOutliner:1 IsMainWorldOnly:0
 |   |   |- [+] [  8]
 |   |   |   |- Guid:43AB252E444DEF871B5377ADFF1960F8 BaseClass: NativeClass:/Script/Landscape.LandscapeStreamingProxy Name:LandscapeStreamingProxy_6GSFNF2T877FE1RYYOFDHFNHG_30_4_2_0 Label:LandscapeStreamingProxy_4_2_0 SpatiallyLoaded:1 Bounds:IsValid=true, Min=(X=-6930.000 Y=-1500.000 Z=-100.000), Max=(X=-3930.000 Y=1500.000 Z=10100.000) RuntimeGrid:None EditorOnly:0 RuntimeOnly:0 HLODRelevant:1 ListedInSceneOutliner:1 IsMainWorldOnly:0
 |   |   |- [+] [  9]
 |   |   |   |- Guid:4999C99042A6A73FFE435D86CBF82443 BaseClass: NativeClass:/Script/Landscape.LandscapeStreamingProxy Name:LandscapeStreamingProxy_6GSFNF2T877FE1RYYOFDHFNHG_30_1_2_0 Label:LandscapeStreamingProxy_1_2_0 SpatiallyLoaded:1 Bounds:IsValid=true, Min=(X=-15930.000 Y=-1500.000 Z=-100.000), Max=(X=-12930.000 Y=1500.000 Z=10100.000) RuntimeGrid:None EditorOnly:0 RuntimeOnly:0 HLODRelevant:1 ListedInSceneOutliner:1 IsMainWorldOnly:0
 |   |   |- [+] [ 10]
 |   |   |   |- Guid:52639C174640C876BA2BDC8922885AD8 BaseClass: NativeClass:/Script/Landscape.LandscapeStreamingProxy Name:LandscapeStreamingProxy_6GSFNF2T877FE1RYYOFDHFNHG_30_4_0_0 Label:LandscapeStreamingProxy_4_0_0 SpatiallyLoaded:1 Bounds:IsValid=true, Min=(X=-6930.000 Y=-7500.000 Z=-100.000), Max=(X=-3930.000 Y=-4500.000 Z=10100.000) RuntimeGrid:None EditorOnly:0 RuntimeOnly:0 HLODRelevant:1 ListedInSceneOutliner:1 IsMainWorldOnly:0
 |   |   |- [+] [ 11]
 |   |   |   |- Guid:5BEE60E144CE15B876DABF87B250C7F8 BaseClass: NativeClass:/Script/Landscape.LandscapeStreamingProxy Name:LandscapeStreamingProxy_6GSFNF2T877FE1RYYOFDHFNHG_30_2_4_0 Label:LandscapeStreamingProxy_2_4_0 SpatiallyLoaded:1 Bounds:IsValid=true, Min=(X=-12930.000 Y=4500.000 Z=-100.000), Max=(X=-9930.000 Y=7500.000 Z=10100.000) RuntimeGrid:None EditorOnly:0 RuntimeOnly:0 HLODRelevant:1 ListedInSceneOutliner:1 IsMainWorldOnly:0
 |   |   |- [+] [ 12]
 |   |   |   |- Guid:5C04E2FD4CAD364DD6A3DE9CF1B4C996 BaseClass: NativeClass:/Script/Landscape.LandscapeStreamingProxy Name:LandscapeStreamingProxy_6GSFNF2T877FE1RYYOFDHFNHG_30_2_3_0 Label:LandscapeStreamingProxy_2_3_0 SpatiallyLoaded:1 Bounds:IsValid=true, Min=(X=-12930.000 Y=1500.000 Z=-100.000), Max=(X=-9930.000 Y=4500.000 Z=10100.000) RuntimeGrid:None EditorOnly:0 RuntimeOnly:0 HLODRelevant:1 ListedInSceneOutliner:1 IsMainWorldOnly:0
 |   |   |- [+] [ 13]
 |   |   |   |- Guid:5E40B50D4A74DBD1E8AD92A52DC0491B BaseClass: NativeClass:/Script/Containment_Response.Weapon Name:Weapon_UAID_A4BB6D3DB72EB66C02_1505278575 Label:DisplayGun SpatiallyLoaded:1 Bounds:IsValid=true, Min=(X=4346.250 Y=-1087.500 Z=-130.000), Max=(X=4353.750 Y=-50.000 Z=279.000) RuntimeGrid:None EditorOnly:0 RuntimeOnly:0 HLODRelevant:0 ListedInSceneOutliner:1 IsMainWorldOnly:0
 |   |   |- [+] [ 14]
 |   |   |   |- Guid:5EB35A034C1D9318007FA6AD61C1A440 BaseClass: NativeClass:/Script/Engine.StaticMeshActor Name:StaticMeshActor_UAID_A4BB6D3D5999B97702_1808673721 Label:Box2 SpatiallyLoaded:1 Bounds:IsValid=true, Min=(X=-2720.000 Y=90.000 Z=-0.000), Max=(X=3550.000 Y=2730.000 Z=290.000) RuntimeGrid:None EditorOnly:0 RuntimeOnly:0 HLODRelevant:1 ListedInSceneOutliner:1 IsMainWorldOnly:0
 |   |   |- [+] [ 15]
 |   |   |   |- Guid:616554B84D9AF28DF69ABD8837FD26D7 BaseClass: NativeClass:/Script/Engine.ExponentialHeightFog Name:ExponentialHeightFog_0 Label:ExponentialHeightFog SpatiallyLoaded:0 Bounds:IsValid=true, Min=(X=-5600.000 Y=-50.000 Z=-6850.000), Max=(X=-5600.000 Y=-50.000 Z=-6850.000) RuntimeGrid:None EditorOnly:0 RuntimeOnly:0 HLODRelevant:0 ListedInSceneOutliner:1 IsMainWorldOnly:0 FolderPath:Lighting FolderGuid:D9E1224C415FCB205E4105B3245ADAAB
 |   |   |- [+] [ 16]
 |   |   |   |- Guid:6456ADDD428A590141FABFB9484712AA BaseClass: NativeClass:/Script/Engine.PostProcessVolume Name:PostProcessVolume_0 Label:PostProcessVolume SpatiallyLoaded:0 Bounds:IsValid=true, Min=(X=0.000 Y=0.000 Z=400.000), Max=(X=200.000 Y=200.000 Z=600.000) RuntimeGrid:None EditorOnly:0 RuntimeOnly:0 HLODRelevant:0 ListedInSceneOutliner:1 IsMainWorldOnly:0 FolderPath:Lighting FolderGuid:D9E1224C415FCB205E4105B3245ADAAB
 |   |   |- [+] [ 17]
 |   |   |   |- Guid:6818551448B1748FAECBDF8425C813EE BaseClass: NativeClass:/Script/Landscape.LandscapeStreamingProxy Name:LandscapeStreamingProxy_6GSFNF2T877FE1RYYOFDHFNHG_30_0_0_0 Label:LandscapeStreamingProxy_0_0_0 SpatiallyLoaded:1 Bounds:IsValid=true, Min=(X=-18930.000 Y=-7500.000 Z=-100.000), Max=(X=-15930.000 Y=-4500.000 Z=10100.000) RuntimeGrid:None EditorOnly:0 RuntimeOnly:0 HLODRelevant:1 ListedInSceneOutliner:1 IsMainWorldOnly:0
 |   |   |- [+] [ 18]
 |   |   |   |- Guid:76115FFE4E569D78EAF4F99D45351719 BaseClass: NativeClass:/Script/Landscape.LandscapeStreamingProxy Name:LandscapeStreamingProxy_6GSFNF2T877FE1RYYOFDHFNHG_30_1_4_0 Label:LandscapeStreamingProxy_1_4_0 SpatiallyLoaded:1 Bounds:IsValid=true, Min=(X=-15930.000 Y=4500.000 Z=-100.000), Max=(X=-12930.000 Y=7500.000 Z=10100.000) RuntimeGrid:None EditorOnly:0 RuntimeOnly:0 HLODRelevant:1 ListedInSceneOutliner:1 IsMainWorldOnly:0
 |   |   |- [+] [ 19]
 |   |   |   |- Guid:7A699BF944F9DAC273FB4FAD2236D7F8 BaseClass: NativeClass:/Script/Engine.SkyLight Name:SkyLight_0 Label:SkyLight SpatiallyLoaded:0 Bounds:IsValid=true, Min=(X=0.000 Y=0.000 Z=690.000), Max=(X=0.000 Y=0.000 Z=690.000) RuntimeGrid:None EditorOnly:0 RuntimeOnly:0 HLODRelevant:0 ListedInSceneOutliner:1 IsMainWorldOnly:0 FolderPath:Lighting FolderGuid:D9E1224C415FCB205E4105B3245ADAAB
 |   |   |- [+] [ 20]
 |   |   |   |- Guid:85A716D141BB377543A1D5B0B8DE488F BaseClass: NativeClass:/Script/Landscape.Landscape Name:Landscape_UAID_A4BB6D3D5999B97702_1162987720 Label:Landscape SpatiallyLoaded:0 Bounds:IsValid=true, Min=(X=-18930.000 Y=-7500.000 Z=0.000), Max=(X=-18930.000 Y=-7500.000 Z=0.000) RuntimeGrid:None EditorOnly:0 RuntimeOnly:0 HLODRelevant:0 ListedInSceneOutliner:1 IsMainWorldOnly:0
 |   |   |- [+] [ 21]
 |   |   |   |- Guid:8920143A46C43AE151FBE08EF7B3D533 BaseClass: NativeClass:/Script/Landscape.LandscapeStreamingProxy Name:LandscapeStreamingProxy_6GSFNF2T877FE1RYYOFDHFNHG_30_0_4_0 Label:LandscapeStreamingProxy_0_4_0 SpatiallyLoaded:1 Bounds:IsValid=true, Min=(X=-18930.000 Y=4500.000 Z=-100.000), Max=(X=-15930.000 Y=7500.000 Z=10100.000) RuntimeGrid:None EditorOnly:0 RuntimeOnly:0 HLODRelevant:1 ListedInSceneOutliner:1 IsMainWorldOnly:0
 |   |   |- [+] [ 22]
 |   |   |   |- Guid:8C8CFAC14AE3EFFF14404DAF4C7F1D90 BaseClass: NativeClass:/Script/Landscape.LandscapeStreamingProxy Name:LandscapeStreamingProxy_6GSFNF2T877FE1RYYOFDHFNHG_30_1_3_0 Label:LandscapeStreamingProxy_1_3_0 SpatiallyLoaded:1 Bounds:IsValid=true, Min=(X=-15930.000 Y=1500.000 Z=-100.000), Max=(X=-12930.000 Y=4500.000 Z=10100.000) RuntimeGrid:None EditorOnly:0 RuntimeOnly:0 HLODRelevant:1 ListedInSceneOutliner:1 IsMainWorldOnly:0
 |   |   |- [+] [ 23]
 |   |   |   |- Guid:8E76F23746014B6C892DB9BFB17CE6F8 BaseClass: NativeClass:/Script/Engine.PointLight Name:PointLight_UAID_A4BB6D3DB72EAD6C02_1254291996 Label:PointLight SpatiallyLoaded:1 Bounds:IsValid=true, Min=(X=3420.000 Y=-2020.000 Z=-710.000), Max=(X=5420.000 Y=-20.000 Z=1290.000) RuntimeGrid:None EditorOnly:0 RuntimeOnly:0 HLODRelevant:0 ListedInSceneOutliner:1 IsMainWorldOnly:0
 |   |   |- [+] [ 24]
 |   |   |   |- Guid:90A358A24B6C57CBEA8FF8BA1E4E8809 BaseClass: NativeClass:/Script/Landscape.LandscapeStreamingProxy Name:LandscapeStreamingProxy_6GSFNF2T877FE1RYYOFDHFNHG_30_2_1_0 Label:LandscapeStreamingProxy_2_1_0 SpatiallyLoaded:1 Bounds:IsValid=true, Min=(X=-12930.000 Y=-4500.000 Z=-100.000), Max=(X=-9930.000 Y=-1500.000 Z=10100.000) RuntimeGrid:None EditorOnly:0 RuntimeOnly:0 HLODRelevant:1 ListedInSceneOutliner:1 IsMainWorldOnly:0
 |   |   |- [+] [ 25]
 |   |   |   |- Guid:97FF78FB4EC8F13EF6751DB180B1CE46 BaseClass: NativeClass:/Script/Engine.DirectionalLight Name:DirectionalLight_0 Label:DirectionalLight SpatiallyLoaded:0 Bounds:IsValid=true, Min=(X=-4398046511104.000 Y=-4398046511104.000 Z=-4398046511104.000), Max=(X=4398046511104.000 Y=4398046511104.000 Z=4398046511104.000) RuntimeGrid:None EditorOnly:0 RuntimeOnly:0 HLODRelevant:0 ListedInSceneOutliner:1 IsMainWorldOnly:0 FolderPath:Lighting FolderGuid:D9E1224C415FCB205E4105B3245ADAAB
 |   |   |- [+] [ 26]
 |   |   |   |- Guid:9B1787B94245F7EE22F38B82D5E0CE96 BaseClass: NativeClass:/Script/Engine.StaticMeshActor Name:StaticMeshActor_UAID_A4BB6D3DB72EAC6C02_1998119816 Label:Box SpatiallyLoaded:1 Bounds:IsValid=true, Min=(X=4033.333 Y=-1418.408 Z=-100.000), Max=(X=4660.000 Y=-601.592 Z=572.960) RuntimeGrid:None EditorOnly:0 RuntimeOnly:0 HLODRelevant:1 ListedInSceneOutliner:1 IsMainWorldOnly:0
 |   |   |- [+] [ 27]
 |   |   |   |- Guid:A193674B480A39A47551D39FB4DFCD99 BaseClass: NativeClass:/Script/Engine.StaticMeshActor Name:StaticMeshActor_UAID_A4AE111137DC5FFB00_1159438599 Label:SM_SkySphere SpatiallyLoaded:0 Bounds:IsValid=true, Min=(X=-1638400.000 Y=-1638400.000 Z=-1638400.000), Max=(X=1638400.000 Y=1638400.000 Z=1638400.000) RuntimeGrid:None EditorOnly:0 RuntimeOnly:0 HLODRelevant:1 ListedInSceneOutliner:1 IsMainWorldOnly:0 FolderPath:Lighting FolderGuid:D9E1224C415FCB205E4105B3245ADAAB
 |   |   |- [+] [ 28]
 |   |   |   |- Guid:A5FCDC664219DC8AAD6D739ADEF9C627 BaseClass: NativeClass:/Script/Engine.PlayerStart Name:PlayerStart_0 Label:PlayerStart SpatiallyLoaded:0 Bounds:IsValid=true, Min=(X=3230.000 Y=1290.000 Z=100.013), Max=(X=3310.000 Y=1370.000 Z=284.013) RuntimeGrid:None EditorOnly:0 RuntimeOnly:0 HLODRelevant:0 ListedInSceneOutliner:1 IsMainWorldOnly:0
 |   |   |- [+] [ 29]
 |   |   |   |- Guid:B326783D46A6A43F55CCC9AB2A4C1863 BaseClass: NativeClass:/Script/Engine.VolumetricCloud Name:VolumetricCloud_0 Label:VolumetricCloud SpatiallyLoaded:0 Bounds:IsValid=true, Min=(X=0.000 Y=0.000 Z=820.000), Max=(X=0.000 Y=0.000 Z=820.000) RuntimeGrid:None EditorOnly:0 RuntimeOnly:0 HLODRelevant:0 ListedInSceneOutliner:1 IsMainWorldOnly:0 FolderPath:Lighting FolderGuid:D9E1224C415FCB205E4105B3245ADAAB
 |   |   |- [+] [ 30]
 |   |   |   |- Guid:BC40CC9B4274586648F7179742058D20 BaseClass: NativeClass:/Script/Landscape.LandscapeStreamingProxy Name:LandscapeStreamingProxy_6GSFNF2T877FE1RYYOFDHFNHG_30_0_1_0 Label:LandscapeStreamingProxy_0_1_0 SpatiallyLoaded:1 Bounds:IsValid=true, Min=(X=-18930.000 Y=-4500.000 Z=-100.000), Max=(X=-15930.000 Y=-1500.000 Z=10100.000) RuntimeGrid:None EditorOnly:0 RuntimeOnly:0 HLODRelevant:1 ListedInSceneOutliner:1 IsMainWorldOnly:0
 |   |   |- [+] [ 31]
 |   |   |   |- Guid:C3E101FD4BF9E9C8F18B17A731F414D4 BaseClass: NativeClass:/Script/Landscape.LandscapeStreamingProxy Name:LandscapeStreamingProxy_6GSFNF2T877FE1RYYOFDHFNHG_30_4_4_0 Label:LandscapeStreamingProxy_4_4_0 SpatiallyLoaded:1 Bounds:IsValid=true, Min=(X=-6930.000 Y=4500.000 Z=-100.000), Max=(X=-3930.000 Y=7500.000 Z=10100.000) RuntimeGrid:None EditorOnly:0 RuntimeOnly:0 HLODRelevant:1 ListedInSceneOutliner:1 IsMainWorldOnly:0
 |   |   |- [+] [ 32]
 |   |   |   |- Guid:CF0B7F47461B7EF9D0FF869729260AB8 BaseClass: NativeClass:/Script/Landscape.LandscapeStreamingProxy Name:LandscapeStreamingProxy_6GSFNF2T877FE1RYYOFDHFNHG_30_3_2_0 Label:LandscapeStreamingProxy_3_2_0 SpatiallyLoaded:1 Bounds:IsValid=true, Min=(X=-9930.000 Y=-1500.000 Z=-100.000), Max=(X=-6930.000 Y=1500.000 Z=10100.000) RuntimeGrid:None EditorOnly:0 RuntimeOnly:0 HLODRelevant:1 ListedInSceneOutliner:1 IsMainWorldOnly:0
 |   |   |- [+] [ 33]
 |   |   |   |- Guid:D361D561422864AE5CAFC196EBCDC0C9 BaseClass: NativeClass:/Script/Landscape.LandscapeStreamingProxy Name:LandscapeStreamingProxy_6GSFNF2T877FE1RYYOFDHFNHG_30_2_2_0 Label:LandscapeStreamingProxy_2_2_0 SpatiallyLoaded:1 Bounds:IsValid=true, Min=(X=-12930.000 Y=-1500.000 Z=-100.000), Max=(X=-9930.000 Y=1500.000 Z=10100.000) RuntimeGrid:None EditorOnly:0 RuntimeOnly:0 HLODRelevant:1 ListedInSceneOutliner:1 IsMainWorldOnly:0
 |   |   |- [+] [ 34]
 |   |   |   |- Guid:D7C08A394E057F3A0D9046B98E8AC852 BaseClass: NativeClass:/Script/Landscape.LandscapeStreamingProxy Name:LandscapeStreamingProxy_6GSFNF2T877FE1RYYOFDHFNHG_30_3_1_0 Label:LandscapeStreamingProxy_3_1_0 SpatiallyLoaded:1 Bounds:IsValid=true, Min=(X=-9930.000 Y=-4500.000 Z=-100.000), Max=(X=-6930.000 Y=-1500.000 Z=10100.000) RuntimeGrid:None EditorOnly:0 RuntimeOnly:0 HLODRelevant:1 ListedInSceneOutliner:1 IsMainWorldOnly:0
 |   |   |- [+] [ 35]
 |   |   |   |- Guid:DA4013F54035A18E1315CB946820EDF3 BaseClass: NativeClass:/Script/Landscape.LandscapeStreamingProxy Name:LandscapeStreamingProxy_6GSFNF2T877FE1RYYOFDHFNHG_30_4_1_0 Label:LandscapeStreamingProxy_4_1_0 SpatiallyLoaded:1 Bounds:IsValid=true, Min=(X=-6930.000 Y=-4500.000 Z=-100.000), Max=(X=-3930.000 Y=-1500.000 Z=10100.000) RuntimeGrid:None EditorOnly:0 RuntimeOnly:0 HLODRelevant:1 ListedInSceneOutliner:1 IsMainWorldOnly:0
 |   |   |- [+] [ 36]
 |   |   |   |- Guid:DBC9A3924C20BF2D3D7B5AB2B305375D BaseClass: NativeClass:/Script/Landscape.LandscapeStreamingProxy Name:LandscapeStreamingProxy_6GSFNF2T877FE1RYYOFDHFNHG_30_4_3_0 Label:LandscapeStreamingProxy_4_3_0 SpatiallyLoaded:1 Bounds:IsValid=true, Min=(X=-6930.000 Y=1500.000 Z=-100.000), Max=(X=-3930.000 Y=4500.000 Z=10100.000) RuntimeGrid:None EditorOnly:0 RuntimeOnly:0 HLODRelevant:1 ListedInSceneOutliner:1 IsMainWorldOnly:0
 |   |   |- [+] [ 37]
 |   |   |   |- Guid:E10B381446D3F76E1300D1B9B42DD058 BaseClass: NativeClass:/Script/Landscape.LandscapeStreamingProxy Name:LandscapeStreamingProxy_6GSFNF2T877FE1RYYOFDHFNHG_30_1_1_0 Label:LandscapeStreamingProxy_1_1_0 SpatiallyLoaded:1 Bounds:IsValid=true, Min=(X=-15930.000 Y=-4500.000 Z=-100.000), Max=(X=-12930.000 Y=-1500.000 Z=10100.000) RuntimeGrid:None EditorOnly:0 RuntimeOnly:0 HLODRelevant:1 ListedInSceneOutliner:1 IsMainWorldOnly:0
 |   |   |- [+] [ 38]
 |   |   |   |- Guid:EBA49B08429FEB4CEBE135B951F01E0A BaseClass: NativeClass:/Script/NavigationSystem.RecastNavMesh Name:RecastNavMesh_UAID_004E01C3B4DBEE6702-Default Label:RecastNavMesh-Default SpatiallyLoaded:0 Bounds:IsValid=true, Min=(X=0.000 Y=0.000 Z=0.000), Max=(X=0.000 Y=0.000 Z=0.000) RuntimeGrid:None EditorOnly:0 RuntimeOnly:0 HLODRelevant:0 ListedInSceneOutliner:1 IsMainWorldOnly:0
 |   |   |- [+] [ 39]
 |   |   |   |- Guid:F215C15D46F7F39D8ED7D38566ACFB5C BaseClass: NativeClass:/Script/Landscape.LandscapeStreamingProxy Name:LandscapeStreamingProxy_6GSFNF2T877FE1RYYOFDHFNHG_30_2_0_0 Label:LandscapeStreamingProxy_2_0_0 SpatiallyLoaded:1 Bounds:IsValid=true, Min=(X=-12930.000 Y=-7500.000 Z=-100.000), Max=(X=-9930.000 Y=-4500.000 Z=10100.000) RuntimeGrid:None EditorOnly:0 RuntimeOnly:0 HLODRelevant:1 ListedInSceneOutliner:1 IsMainWorldOnly:0
 |   |   |- [+] [ 40]
 |   |   |   |- Guid:F4106B9E4B99A92CC5C5BC918CE98A48 BaseClass: NativeClass:/Script/Landscape.LandscapeStreamingProxy Name:LandscapeStreamingProxy_6GSFNF2T877FE1RYYOFDHFNHG_30_0_3_0 Label:LandscapeStreamingProxy_0_3_0 SpatiallyLoaded:1 Bounds:IsValid=true, Min=(X=-18930.000 Y=1500.000 Z=-100.000), Max=(X=-15930.000 Y=4500.000 Z=10100.000) RuntimeGrid:None EditorOnly:0 RuntimeOnly:0 HLODRelevant:1 ListedInSceneOutliner:1 IsMainWorldOnly:0
 |   |   |- [+] [ 41]
 |   |   |   |- Guid:FA1FCD51450B8093FDAAB0ABB4EFF0B0 BaseClass:/Game/BluePrintClasses/AttachmentView/BP_AttachmentViewCamera.BP_AttachmentViewCamera_C NativeClass:/Script/Engine.Actor Name:BP_AttachmentViewCamera_C_UAID_A4BB6D3DB72EAD6C02_1124756994 Label:BP_AttachmentViewCamera SpatiallyLoaded:1 Bounds:IsValid=true, Min=(X=4180.000 Y=-1030.000 Z=280.000), Max=(X=4180.000 Y=-1030.000 Z=280.000) RuntimeGrid:None EditorOnly:0 RuntimeOnly:0 HLODRelevant:0 ListedInSceneOutliner:1 IsMainWorldOnly:0
 |- ContainerInstances:
 |- [+] MainContainer:
 |   |-        ID: 00000000000000000000000000000000
 |   |-  ParentID: 00000000000000000000000000000000
 |   |-    Bounds: IsValid=false, Min=(X=0.000 Y=0.000 Z=0.000), Max=(X=0.000 Y=0.000 Z=0.000)
 |   |- Transform: 0.000000,0.000000,0.000000|0.000000,0.000000,-0.000000|1.000000,1.000000,1.000000
 |   |- Container: /Game/Levels/Lobby
----------------------------------------------------------------------------------------------------------------
Lobby - Persistent Level
----------------------------------------------------------------------------------------------------------------
[+] Content of Lobby Persistent Level
 |- Always loaded Actor Count: 51 
 |- Actor Path: /Game/Levels/Lobby.Lobby:PersistentLevel.AbstractNavData-Default
 |- Actor Package: /Game/Levels/Lobby
 |- Actor Path: /Game/Levels/Lobby.Lobby:PersistentLevel.BP_AttachmentViewCamera_C_UAID_A4BB6D3DB72EAD6C02_1124756994
 |- Actor Package: /Game/__ExternalActors__/Levels/Lobby/7/GD/NBXUBGDDCFD586RGDE6V2W
 |- Actor Path: /Game/Levels/Lobby.Lobby:PersistentLevel.Brush_0
 |- Actor Package: /Game/Levels/Lobby
 |- Actor Path: /Game/Levels/Lobby.Lobby:PersistentLevel.Cell_Door_C_UAID_A4BB6D3D5999BB7702_1368537074
 |- Actor Package: /Game/__ExternalActors__/Levels/Lobby/E/9W/OQI5UH91YE4P8A5VUJRP9T
 |- Actor Path: /Game/Levels/Lobby.Lobby:PersistentLevel.CombinedTransformGizmoActor_0
 |- Actor Package: /Game/Levels/Lobby
 |- Actor Path: /Game/Levels/Lobby.Lobby:PersistentLevel.DefaultPhysicsVolume_0
 |- Actor Package: /Game/Levels/Lobby
 |- Actor Path: /Game/Levels/Lobby.Lobby:PersistentLevel.DirectionalLight_0
 |- Actor Package: /Game/__ExternalActors__/Levels/Lobby/7/O5/G2KXKTFUK8GEF06SVW14TL
 |- Actor Path: /Game/Levels/Lobby.Lobby:PersistentLevel.ExponentialHeightFog_0
 |- Actor Package: /Game/__ExternalActors__/Levels/Lobby/A/EP/VG8VNK9QRFZMENIF7MF7I1
 |- Actor Path: /Game/Levels/Lobby.Lobby:PersistentLevel.FirstPersonExampleMap_C_0
 |- Actor Package: /Game/Levels/Lobby
 |- Actor Path: /Game/Levels/Lobby.Lobby:PersistentLevel.GameplayDebuggerPlayerManager_0
 |- Actor Package: /Game/Levels/Lobby
 |- Actor Path: /Game/Levels/Lobby.Lobby:PersistentLevel.Landscape_UAID_A4BB6D3D5999B97702_1162987720
 |- Actor Package: /Game/__ExternalActors__/Levels/Lobby/6/YO/PW5Z5F0XBYSE6OM2EPGQYP
 |- Actor Path: /Game/Levels/Lobby.Lobby:PersistentLevel.LandscapeGizmoActiveActor_1
 |- Actor Package: /Game/Levels/Lobby
 |- Actor Path: /Game/Levels/Lobby.Lobby:PersistentLevel.LandscapeStreamingProxy_6GSFNF2T877FE1RYYOFDHFNHG_30_0_0_0
 |- Actor Package: /Game/__ExternalActors__/Levels/Lobby/C/DV/EIJY3PONT3DG4VVW3J55QH
 |- Actor Path: /Game/Levels/Lobby.Lobby:PersistentLevel.LandscapeStreamingProxy_6GSFNF2T877FE1RYYOFDHFNHG_30_0_1_0
 |- Actor Package: /Game/__ExternalActors__/Levels/Lobby/9/JV/FOKXSHAXLY12E6DAVMFHV4
 |- Actor Path: /Game/Levels/Lobby.Lobby:PersistentLevel.LandscapeStreamingProxy_6GSFNF2T877FE1RYYOFDHFNHG_30_0_2_0
 |- Actor Package: /Game/__ExternalActors__/Levels/Lobby/0/YJ/04KU8T1HSUVF5PANJSKXAN
 |- Actor Path: /Game/Levels/Lobby.Lobby:PersistentLevel.LandscapeStreamingProxy_6GSFNF2T877FE1RYYOFDHFNHG_30_0_3_0
 |- Actor Package: /Game/__ExternalActors__/Levels/Lobby/E/F9/SHEPIEE0OLFJVKYF91XAH1
 |- Actor Path: /Game/Levels/Lobby.Lobby:PersistentLevel.LandscapeStreamingProxy_6GSFNF2T877FE1RYYOFDHFNHG_30_0_4_0
 |- Actor Package: /Game/__ExternalActors__/Levels/Lobby/4/DP/IES8OTI0QPEJBA3M9WBUDL
 |- Actor Path: /Game/Levels/Lobby.Lobby:PersistentLevel.LandscapeStreamingProxy_6GSFNF2T877FE1RYYOFDHFNHG_30_1_0_0
 |- Actor Package: /Game/__ExternalActors__/Levels/Lobby/A/QR/YFO89NSOTSN9U43O9Z6W3T
 |- Actor Path: /Game/Levels/Lobby.Lobby:PersistentLevel.LandscapeStreamingProxy_6GSFNF2T877FE1RYYOFDHFNHG_30_1_1_0
 |- Actor Package: /Game/__ExternalActors__/Levels/Lobby/C/GM/7LH196KQV88GS2SDUNZUP3
 |- Actor Path: /Game/Levels/Lobby.Lobby:PersistentLevel.LandscapeStreamingProxy_6GSFNF2T877FE1RYYOFDHFNHG_30_1_2_0
 |- Actor Package: /Game/__ExternalActors__/Levels/Lobby/8/KO/WLHKDW2KMYOMWNEADXNVFO
 |- Actor Path: /Game/Levels/Lobby.Lobby:PersistentLevel.LandscapeStreamingProxy_6GSFNF2T877FE1RYYOFDHFNHG_30_1_3_0
 |- Actor Package: /Game/__ExternalActors__/Levels/Lobby/5/HP/X4UWXX414ENQOWFK347NRY
 |- Actor Path: /Game/Levels/Lobby.Lobby:PersistentLevel.LandscapeStreamingProxy_6GSFNF2T877FE1RYYOFDHFNHG_30_1_4_0
 |- Actor Package: /Game/__ExternalActors__/Levels/Lobby/5/1E/T5ZB77QM8UZAGED516TYR0
 |- Actor Path: /Game/Levels/Lobby.Lobby:PersistentLevel.LandscapeStreamingProxy_6GSFNF2T877FE1RYYOFDHFNHG_30_2_0_0
 |- Actor Package: /Game/__ExternalActors__/Levels/Lobby/8/UX/FDQNGPEVLM202T8KGAJYW0
 |- Actor Path: /Game/Levels/Lobby.Lobby:PersistentLevel.LandscapeStreamingProxy_6GSFNF2T877FE1RYYOFDHFNHG_30_2_1_0
 |- Actor Package: /Game/__ExternalActors__/Levels/Lobby/C/JQ/SRB9N6LDJN163HD6K2OBOW
 |- Actor Path: /Game/Levels/Lobby.Lobby:PersistentLevel.LandscapeStreamingProxy_6GSFNF2T877FE1RYYOFDHFNHG_30_2_2_0
 |- Actor Package: /Game/__ExternalActors__/Levels/Lobby/D/KQ/IHLDA7JNR6WIS420NC3A6N
 |- Actor Path: /Game/Levels/Lobby.Lobby:PersistentLevel.LandscapeStreamingProxy_6GSFNF2T877FE1RYYOFDHFNHG_30_2_3_0
 |- Actor Package: /Game/__ExternalActors__/Levels/Lobby/8/TD/LOANYE00D93PTGDWYSUOO8
 |- Actor Path: /Game/Levels/Lobby.Lobby:PersistentLevel.LandscapeStreamingProxy_6GSFNF2T877FE1RYYOFDHFNHG_30_2_4_0
 |- Actor Package: /Game/__ExternalActors__/Levels/Lobby/F/01/HZHFBB6KKKSBEPBQ4583GH
 |- Actor Path: /Game/Levels/Lobby.Lobby:PersistentLevel.LandscapeStreamingProxy_6GSFNF2T877FE1RYYOFDHFNHG_30_3_0_0
 |- Actor Package: /Game/__ExternalActors__/Levels/Lobby/9/0P/VXH3GC1DWTC5WJKO7HUVGB
 |- Actor Path: /Game/Levels/Lobby.Lobby:PersistentLevel.LandscapeStreamingProxy_6GSFNF2T877FE1RYYOFDHFNHG_30_3_1_0
 |- Actor Package: /Game/__ExternalActors__/Levels/Lobby/6/K6/7OTZLHVUZE3GO0D4ZCQEMH
 |- Actor Path: /Game/Levels/Lobby.Lobby:PersistentLevel.LandscapeStreamingProxy_6GSFNF2T877FE1RYYOFDHFNHG_30_3_2_0
 |- Actor Package: /Game/__ExternalActors__/Levels/Lobby/E/7N/PVVVAD957IBOY6CDRDXDU1
 |- Actor Path: /Game/Levels/Lobby.Lobby:PersistentLevel.LandscapeStreamingProxy_6GSFNF2T877FE1RYYOFDHFNHG_30_3_3_0
 |- Actor Package: /Game/__ExternalActors__/Levels/Lobby/E/T5/K260X7HLMD5CLC7DWI18A0
 |- Actor Path: /Game/Levels/Lobby.Lobby:PersistentLevel.LandscapeStreamingProxy_6GSFNF2T877FE1RYYOFDHFNHG_30_3_4_0
 |- Actor Package: /Game/__ExternalActors__/Levels/Lobby/0/QM/ODHXQRB7K5OFJJEA9NS29P
 |- Actor Path: /Game/Levels/Lobby.Lobby:PersistentLevel.LandscapeStreamingProxy_6GSFNF2T877FE1RYYOFDHFNHG_30_4_0_0
 |- Actor Package: /Game/__ExternalActors__/Levels/Lobby/3/1K/QHNLN9BKBUD2PE9M45SHT2
 |- Actor Path: /Game/Levels/Lobby.Lobby:PersistentLevel.LandscapeStreamingProxy_6GSFNF2T877FE1RYYOFDHFNHG_30_4_1_0
 |- Actor Package: /Game/__ExternalActors__/Levels/Lobby/2/L2/EPK5WETW3PKLUU78JCHBG5
 |- Actor Path: /Game/Levels/Lobby.Lobby:PersistentLevel.LandscapeStreamingProxy_6GSFNF2T877FE1RYYOFDHFNHG_30_4_2_0
 |- Actor Package: /Game/__ExternalActors__/Levels/Lobby/9/32/O92JGBE93G06L5U8KPJZJH
 |- Actor Path: /Game/Levels/Lobby.Lobby:PersistentLevel.LandscapeStreamingProxy_6GSFNF2T877FE1RYYOFDHFNHG_30_4_3_0
 |- Actor Package: /Game/__ExternalActors__/Levels/Lobby/0/0P/WKQ5YP6PL61E1EC22OFKAL
 |- Actor Path: /Game/Levels/Lobby.Lobby:PersistentLevel.LandscapeStreamingProxy_6GSFNF2T877FE1RYYOFDHFNHG_30_4_4_0
 |- Actor Package: /Game/__ExternalActors__/Levels/Lobby/E/JQ/0CZGKTD9OCTNJ1UFIJMUOP
 |- Actor Path: /Game/Levels/Lobby.Lobby:PersistentLevel.PlayerStart_0
 |- Actor Package: /Game/__ExternalActors__/Levels/Lobby/E/XJ/0HGSFUU533AS0LX0EA0OCS
 |- Actor Path: /Game/Levels/Lobby.Lobby:PersistentLevel.PointLight_UAID_A4BB6D3DB72EAD6C02_1254291996
 |- Actor Package: /Game/__ExternalActors__/Levels/Lobby/3/1C/U49E1S8W6QPW7F887XNJ6E
 |- Actor Path: /Game/Levels/Lobby.Lobby:PersistentLevel.PostProcessVolume_0
 |- Actor Package: /Game/__ExternalActors__/Levels/Lobby/C/TQ/Z5QXU0A4FF34L884QUM1PB
 |- Actor Path: /Game/Levels/Lobby.Lobby:PersistentLevel.RecastNavMesh_UAID_004E01C3B4DBEE6702-Default
 |- Actor Package: /Game/__ExternalActors__/Levels/Lobby/5/3I/9W1DLZ174S3AQYJDNW2N1G
 |- Actor Path: /Game/Levels/Lobby.Lobby:PersistentLevel.SkyAtmosphere_0
 |- Actor Package: /Game/__ExternalActors__/Levels/Lobby/5/3Z/79P20TUW5O1R3XMZ7UO61E
 |- Actor Path: /Game/Levels/Lobby.Lobby:PersistentLevel.SkyLight_0
 |- Actor Package: /Game/__ExternalActors__/Levels/Lobby/D/IH/K3E49B8T1MOO2T7NVUU0H4
 |- Actor Path: /Game/Levels/Lobby.Lobby:PersistentLevel.StaticMeshActor_UAID_A4AE111137DC5FFB00_1159438599
 |- Actor Package: /Game/__ExternalActors__/Levels/Lobby/A/IO/21YRI6YR9D2733VFKFGO41
 |- Actor Path: /Game/Levels/Lobby.Lobby:PersistentLevel.StaticMeshActor_UAID_A4BB6D3D5999B97702_1808673721
 |- Actor Package: /Game/__ExternalActors__/Levels/Lobby/C/J9/ZZ2309L5CACKD4TTAUYX7P
 |- Actor Path: /Game/Levels/Lobby.Lobby:PersistentLevel.StaticMeshActor_UAID_A4BB6D3DB72EAC6C02_1998119816
 |- Actor Package: /Game/__ExternalActors__/Levels/Lobby/3/BX/67JBGV5TFV8Q1V4L7RC5WG
 |- Actor Path: /Game/Levels/Lobby.Lobby:PersistentLevel.VolumetricCloud_0
 |- Actor Package: /Game/__ExternalActors__/Levels/Lobby/5/96/GRY7C2IYL2AKAERU1GWRFR
 |- Actor Path: /Game/Levels/Lobby.Lobby:PersistentLevel.Weapon_UAID_A4BB6D3DB72EB66C02_1505278575
 |- Actor Package: /Game/__ExternalActors__/Levels/Lobby/D/NC/JBTNB66573XB99W2967TGJ
 |- Actor Path: /Game/Levels/Lobby.Lobby:PersistentLevel.WorldDataLayers
 |- Actor Package: /Game/__ExternalActors__/Levels/Lobby/A/Q5/M1EHSPLNO76N87WDX3JUP2
 |- Actor Path: /Game/Levels/Lobby.Lobby:PersistentLevel.WorldInfo_0
 |- Actor Package: /Game/Levels/Lobby
 |- Actor Path: /Game/Levels/Lobby.Lobby:PersistentLevel.WorldPartitionMiniMap_0
 |- Actor Package: /Game/__ExternalActors__/Levels/Lobby/4/SF/BIDQX7Y48YER5NHEKME6IL

----------------------------------------------------------------------------------------------------------------
Lobby - Runtime Spatial Hash - Streaming Grid - MainGrid
----------------------------------------------------------------------------------------------------------------
            Origin: X=0.000 Y=0.000 Z=0.000
         Cell Size: 12800
      World Bounds: IsValid=false, Min=(X=0.000 Y=0.000 Z=0.000), Max=(X=0.000 Y=0.000 Z=0.000)
     Loading Range: 25600.00
Block Slow Loading: No
 ClientOnlyVisible: No
            Origin: X=0.000 Y=0.000 Z=0.000

[+] Grid Levels: 1
 |- Level  0: Cell Count    0 | Cell Size   12800 | Actor Count    0 (0.0%)

[+] Content of Grid Level 0

